// Jest Snapshot v1, https://goo.gl/fbAQLP

exports[`MovieDetailsPage component should render without crashing 1`] = `
<div
  className="wrapper"
>
  <div
    className="infoContainer"
  >
    <Header />
    <main
      className="main"
    >
      <MovieInfo />
      <div
        className="buttonsContainer"
      >
        <TrailerButtonRect />
        <InfoButton />
      </div>
    </main>
  </div>
  <MovieListContainer />
</div>
`;
