// Jest Snapshot v1, https://goo.gl/fbAQLP

exports[`MovieDetailsPage component should render without crashing 1`] = `
<div
  className="wrapper"
  style={
    Object {
      "backgroundImage": null,
    }
  }
>
  <Header />
  <div
    className="overview"
  >
    <p>
      
    </p>
  </div>
  <main
    className="main"
  >
    <Memo(Connect(MovieInfoContainer)) />
    <div
      className="buttonsContainer"
    >
      <TrailerButtonRect
        id={0}
        onTrailerButtonClick={null}
      />
      <InfoButton
        onInfoButtonClick={[Function]}
      />
    </div>
  </main>
  <Memo(Connect(MovieListContainer)) />
  <div
    className="loading"
  >
    <Spinner />
  </div>
</div>
`;
