// Jest Snapshot v1, https://goo.gl/fbAQLP

exports[`MovieInfo component should render without crashing 1`] = `
<div
  className="wrapper"
>
  <h2
    className="movieTitle"
  >
    
  </h2>
  <div
    className="genreDurationContainer"
  >
    <span
      className="genre"
    >
      
    </span>
    <span
      className="duration"
    >
      
    </span>
  </div>
  <div
    className="rating"
  >
    <span
      className="ratingStars"
    />
    <span
      className="ratingText"
    >
      0
    </span>
  </div>
</div>
`;
