// Jest Snapshot v1, https://goo.gl/fbAQLP

exports[`MovieInfo component should render without crashing 1`] = `
<div
  className="wrapper"
>
  <h2
    className="movieTitle"
  />
  <div
    className="genreDurationContainer"
  >
    <span
      className="genre"
    />
    <span
      className="duration"
    />
  </div>
  <div
    className="rating"
  >
    <span
      className="ratingStars"
    >
      <RatingStar
        type="full"
      />
    </span>
    <span
      className="ratingText"
    />
  </div>
</div>
`;
