// Jest Snapshot v1, https://goo.gl/fbAQLP

exports[`MovieCard component should render without crashing 1`] = `
<React.Fragment>
  <div
    className="wrapper"
    style={
      Object {
        "backgroundImage": "url(https://spnbag.com/assets/general/images/no_poster.jpg)",
      }
    }
  >
    <div
      className="hoverTrailer"
      testid="hoverTrailer"
    >
      <TrailerButtonRound
        id={11}
        onTrailerButtonClick={null}
      />
      <span
        className="hoverTrailerText"
      >
        Watch Now
      </span>
      <InfoButton
        onInfoButtonClick={[Function]}
      />
    </div>
    <div
      className="movieInfo"
      testid="info"
    >
      <p
        className="movieTitle"
      >
        Star Wars
      </p>
      <span
        className="movieRating"
      />
      <p
        className="movieGenre"
      />
    </div>
  </div>
</React.Fragment>
`;
